2026-04-07T08:14:49.857586Z 0 [System] [MY-015015] [Server] MySQL Server - start.
2026-04-07T08:14:50.158544Z 0 [Warning] [MY-010097] [Server] Insecure configuration for --secure-file-priv: Current value does not restrict location of generated files. Consider setting it to a valid, non-empty path.
2026-04-07T08:14:50.158719Z 0 [System] [MY-010116] [Server] C:\laragon\bin\mysql\mysql-8.4.3-winx64\bin\mysqld (mysqld 8.4.3) starting as process 8580
2026-04-07T08:14:50.319697Z 1 [System] [MY-013576] [InnoDB] InnoDB initialization has started.
2026-04-07T08:15:01.782252Z 1 [System] [MY-013577] [InnoDB] InnoDB initialization has ended.
2026-04-07T08:15:30.730574Z 0 [Warning] [MY-013829] [Server] Missing data directory for ICU regular expressions: C:\laragon\bin\mysql\mysql-8.4.3-winx64\lib\private\.
2026-04-07T08:15:31.006514Z 0 [Warning] [MY-010068] [Server] CA certificate ca.pem is self signed.
2026-04-07T08:15:31.027818Z 0 [System] [MY-013602] [Server] Channel mysql_main configured to support TLS. Encrypted connections are now supported for this channel.
2026-04-07T08:15:34.744347Z 0 [System] [MY-011323] [Server] X Plugin ready for connections. Bind-address: '::' port: 33060
2026-04-07T08:15:34.744729Z 0 [System] [MY-010931] [Server] C:\laragon\bin\mysql\mysql-8.4.3-winx64\bin\mysqld: ready for connections. Version: '8.4.3'  socket: ''  port: 3306  MySQL Community Server - GPL.
2026-04-08T05:23:23.831673Z 0 [System] [MY-015015] [Server] MySQL Server - start.
2026-04-08T05:23:26.247626Z 0 [Warning] [MY-010097] [Server] Insecure configuration for --secure-file-priv: Current value does not restrict location of generated files. Consider setting it to a valid, non-empty path.
2026-04-08T05:23:26.248619Z 0 [System] [MY-010116] [Server] C:\laragon\bin\mysql\mysql-8.4.3-winx64\bin\mysqld (mysqld 8.4.3) starting as process 8840
2026-04-08T05:23:28.849885Z 1 [System] [MY-013576] [InnoDB] InnoDB initialization has started.
2026-04-08T05:23:37.838761Z 1 [System] [MY-013577] [InnoDB] InnoDB initialization has ended.
2026-04-08T05:23:41.433742Z 0 [System] [MY-010229] [Server] Starting XA crash recovery...
2026-04-08T05:23:41.504417Z 0 [System] [MY-010232] [Server] XA crash recovery finished.
2026-04-08T05:23:42.129587Z 0 [Warning] [MY-013829] [Server] Missing data directory for ICU regular expressions: C:\laragon\bin\mysql\mysql-8.4.3-winx64\lib\private\.
2026-04-08T05:23:42.798131Z 0 [Warning] [MY-010068] [Server] CA certificate ca.pem is self signed.
2026-04-08T05:23:42.800581Z 0 [System] [MY-013602] [Server] Channel mysql_main configured to support TLS. Encrypted connections are now supported for this channel.
2026-04-08T05:23:44.944482Z 0 [System] [MY-011323] [Server] X Plugin ready for connections. Bind-address: '::' port: 33060
2026-04-08T05:23:44.944931Z 0 [System] [MY-010931] [Server] C:\laragon\bin\mysql\mysql-8.4.3-winx64\bin\mysqld: ready for connections. Version: '8.4.3'  socket: ''  port: 3306  MySQL Community Server - GPL.
2026-04-08T05:25:20.937385Z 0 [System] [MY-015015] [Server] MySQL Server - start.
2026-04-08T05:25:21.928165Z 0 [Warning] [MY-010097] [Server] Insecure configuration for --secure-file-priv: Current value does not restrict location of generated files. Consider setting it to a valid, non-empty path.
2026-04-08T05:25:21.928299Z 0 [System] [MY-010116] [Server] C:\laragon\bin\mysql\mysql-8.4.3-winx64\bin\mysqld (mysqld 8.4.3) starting as process 17028
2026-04-08T05:25:23.795662Z 1 [System] [MY-013576] [InnoDB] InnoDB initialization has started.
2026-04-08T05:25:23.806368Z 1 [ERROR] [MY-012271] [InnoDB] The innodb_system data file 'ibdata1' must be writable
2026-04-08T05:25:23.809080Z 1 [ERROR] [MY-012278] [InnoDB] The innodb_system data file 'ibdata1' must be writable
2026-04-08T05:25:23.811746Z 1 [ERROR] [MY-010334] [Server] Failed to initialize DD Storage Engine
2026-04-08T05:25:23.995599Z 0 [ERROR] [MY-010020] [Server] Data Dictionary initialization failed.
2026-04-08T05:25:24.004347Z 0 [ERROR] [MY-010119] [Server] Aborting
2026-04-08T05:25:24.579610Z 0 [System] [MY-010910] [Server] C:\laragon\bin\mysql\mysql-8.4.3-winx64\bin\mysqld: Shutdown complete (mysqld 8.4.3)  MySQL Community Server - GPL.
2026-04-08T05:25:24.589688Z 0 [System] [MY-015016] [Server] MySQL Server - end.
